// Jest Snapshot v1, https://goo.gl/fbAQLP

exports[`Article should match the snapshot 1`] = `
<div
  className="article-wrapper"
>
  <img
    alt="main image"
    className="article-image"
    src="https://content-eu-4.content-cms.com/api/859f2008-a40a-4b92-afd0-24bb44d10124/url"
  />
  <div
    className="article-header"
  >
    <div
      className="article-info"
    >
      <p
        className="article-author"
      >
        Stephen King
      </p>
      <p
        className="article-date"
      >
        07:27 Sep 3, 2020
      </p>
    </div>
    <hr />
    <h1
      className="article-title"
    >
      The horror of tests
    </h1>
  </div>
  <div
    className="article-body"
  >
    <div
      dangerouslySetInnerHTML={
        Object {
          "__html": "<h2>Secondary heading</h2>",
        }
      }
    />
    <div
      dangerouslySetInnerHTML={
        Object {
          "__html": "<p>The paragraph below!</p>",
        }
      }
    />
  </div>
</div>
`;
